
> scratch@0.0.0 build
> vite build

[36mvite v8.0.0 [32mbuilding client environment for production...[36m[39m
[2K
transforming...Γ£ô 2381 modules transformed.
rendering chunks...
computing gzip size...
dist/index.html                             1.05 kB Γöé gzip:   0.55 kB
dist/assets/index-BeLk4LLP.css             47.72 kB Γöé gzip:   8.28 kB
dist/assets/map-pin-DyN1INe1.js             0.25 kB Γöé gzip:   0.22 kB
dist/assets/mail-C7L6032l.js                0.55 kB Γöé gzip:   0.35 kB
dist/assets/helpers-BtmqeieH.js             2.50 kB Γöé gzip:   1.10 kB
dist/assets/LoginPage-B72nQrvM.js           4.56 kB Γöé gzip:   1.57 kB
dist/assets/RegisterPage-LXQM8-_a.js        5.80 kB Γöé gzip:   1.77 kB
dist/assets/ApplicationsPage-lfkqCV3M.js   13.48 kB Γöé gzip:   3.33 kB
dist/assets/AnalyticsPage-D2-zRf_A.js      23.34 kB Γöé gzip:   7.18 kB
dist/assets/DashboardPage-tfSmNkPZ.js      44.95 kB Γöé gzip:  17.05 kB
dist/assets/index-BBgtzK3O.js             235.24 kB Γöé gzip:  75.05 kB
dist/assets/createLucideIcon-B15ByImP.js  362.41 kB Γöé gzip: 111.31 kB
dist/assets/PieChart-DRs910TW.js          367.24 kB Γöé gzip: 107.36 kB

[32mΓ£ô built in 790ms[39m
